
M68HC11 Absolute Assembler   Version 2.70d:/mio/error.ASC


   1 A                 ********************************** 
   2 A                 *PROGRAMA DE EJEMPLO 
   3 A                 ********************************** 
   4 A      1026       PACTL     EQU       $1026                 
   5 A      1030       ADCTL     EQU       $1030                 
   6 A      1031       ADR1      EQU       $1031                 
   7 A      1032       ADR2      EQU       $1032                 
   8 A      1033       ADR3      EQU       $1033                 
   9 A      1034       ADR4      EQU       $1034                 
  10 A      1039       OPTION    EQU       $1039                 
  11 A 0000                                                      
  12 A      1000       PORTA     EQU       $1000                 
  13 A      1008       PORTD     EQU       $1008                 
  14 A      100A       PORTE     EQU       $100A                 
  15 A      1002       PORTG     EQU       $1002                 
  16 A 0000                                                      
  17 A      1001       DDRA      EQU       $1001                 
  18 A      1009       DDRD      EQU       $1009                 
  19 A      1003       DDRG      EQU       $1003                 
  20 A 0000                                                      
  21 A      1024       TMSK2     EQU       $1024                 
  22 A      1025       TFLG2     EQU       $1025                 
  23 A 0000                                                      
  24 A      102F       SCDR      EQU       $102F                 
  25 A      102D       SCCR2     EQU       $102D                 
  26 A      102E       SCSR      EQU       $102E                 
  27 A      102C       SCCR1     EQU       $102C                 
  28 A      102B       BAUD      EQU       $102B                 
  29 A      103C       HPRIO     EQU       $103C                 
  30 A      1028       SPCR      EQU       $1028                 
  31 A      105D       CSCTL     EQU       $105D                 
  32 A      1038       OPT2      EQU       $1038                 
  33 A 0000                                                      
  34 A                 * VARIABLES ********************* 
  35 A                  
  36 A      000C       ORDEN     EQU       $000C                 
  37 A      000D       SEG       EQU       $000D                 
  38 A      000E       U1        EQU       $000E                 
  39 A      000F       U2        EQU       $000F                 
  40 A      0010       U3        EQU       $0010                 
  41 A      0011       U4        EQU       $0011                 
  42 A      0012       U5        EQU       $0012                 
  43 A      0013       V1        EQU       $0013                 
  44 A      0016       BAS_L     EQU       $0016                 
  45 A      0017       V5        EQU       $0017                 
  46 A      0018       TEMPO     EQU       $0018                 
  47 A      0019       ALTO      EQU       $0019                 
  48 A      001A       BAJO      EQU       $001A                 
  49 A      001B       BASE_H    EQU       $001B                 
  50 A      001C       BASE_L    EQU       $001C                 
  51 A      001D       V3        EQU       $001D                 
  52 A      001E       V4        EQU       $001E                 
  53 A 0000                                                      
  54 A                 ********************************** 
  55 A                 *CONFIGURA REGISTROS 
  56 A                 ********************************** 
  57 A 0000 01         ORG       $8000                           * DIR DE INICIO 
** ERROR 260                     ^

M68HC11 Absolute Assembler   Version 2.70d:/mio/error.ASC


** ERROR 238                     ^
  58 A 0001 01         LDS       #$03FF                          * APUNTADOR DE STAK 
** ERROR 260                     ^
** ERROR 238                     ^
  59 A 0002                                                      
  60 A 0002                                                      
  61 A 0002 01         LDAA      #$00                            * CONFIG TODO EL PUERTO  A COMO ENTRADAS 
** ERROR 260                     ^
** ERROR 238                     ^
  62 A 0003 01         STAA      DDRA                            * EL PUERTO A 
** ERROR 260                     ^
** ERROR 238                     ^
  63 A 0004                                                      
  64 A 0004 860F                 LDAA      #$F                   * CONFIG TODO EL PUERTO  G COMO SALIDAS 
  65 A 0006 B71003               STAA      DDRG                  * EL PUERTO G  
  66 A                  
  67 A 0009 8600                 LDAA      #$00                  * SE PONE PUERTO G EN CEROS 
  68 A 000B B71002               STAA      PORTG                 
  69 A 000E                                                      
  70 A 000E CC02C5               LDD       #$302C5               * CONFIGURA PUERTO SERIAL 
  71 A 0011 B70000               STAA      BAU                   * BAUD  9600  para cristal de 8MHz 
** ERROR 235                               ^
  72 A 0014 F7102D               STAB      SCCR2                 * HABILITA  RX Y TX PERO INTERRUPCN SOLO RX 
  73 A 0017 8600                 LDAA      #$00                  
  74 A 0019 B7102C               STAA      SCCR1                 * 8 BITS 
  75 A                  
  76 A 001C 86FE                 LDAA      #$FE                  * CONFIG PUERTO D COMO SALIDAS (EXCEPTO PD0) 
  77 A 001E B71009               STAA      DDRD                  * SEA  ENABLE DEL DISPLAY  PD4  Y RS PD3 
  78 A                                       
  79 A                        
  80 A 0021 8604                 LDAA      #$04                  
  81 A 0023 B7103C               STAA      HPRIO                 
  82 A                  
  83 A 0026 8600                 LDAA      #$00                  
  84 A 0028 06                   TAP                             
  85 A                  
  86 A                  
  87 A                  
  88 A 0029                                                      
  89 A                  
  90 A                  
  91 A                  
  92 A                 ********************************** 
  93 A                 *PROGRAMA PRINCIPAL 
  94 A                 ********************************** 
  95 A 0029            MAIN                                      
  96 A 0029 BD009E               JSR       INICIA                
  97 A 002C 863F                 LDAA      #$3F                  
  98 A 002E 970C                 STAA      ORDEN                 * CARGO UN (?) en 000A 
  99 A                  
 100 A 0030                                                      
 101 A 0030            CICLO                                     
 102 A 0030 960D                 LDAA      SEG                   
 103 A 0032 27FC                 BEQ       CICLO                 
 104 A 0034 7F000D               CLR       SEG                   
 105 A 0037                                                      
 106 A 0037 B60000               LDAA      PACNT                 
** ERROR 235                               ^

M68HC11 Absolute Assembler   Version 2.70d:/mio/error.ASC


 107 A 003A 9717                 STAA      V5                    
 108 A 003C 7F0000               CLR       PACNT                 
** ERROR 235                               ^
 109 A                  
 110 A 003F                                                      
 111 A 003F BD01B6               JSR       DATARXESELMEJORDETODOS* DESPLIEGA DATO TRANSMITIDO 
 112 A 0042 1809                 DEY                             
 113 A 0044 188F                 XGDY                            
 114 A 0046 B70000               STAA      ALTER                 
** ERROR 235                               ^
 115 A 0049 D71A                 STAB      BAJO                  
 116 A 004B 188F                 XGDY                            
 117 A 004D 9619                 LDAA      ALTO                  
 118 A 004F D61A                 LDAB      BAJO                  
 119 A 0051 BD0219               JSR       BINBCD                
 120 A 0054 BD014D               JSR       DISPLAY               
 121 A 0057 BD013D               JSR       COMA                  
 122 A 005A BD01D2               JSR       VOLTA                 
 123 A 005D                                                      
 124 A 005D 4F                   CLRA                            
 125 A 005E D613                 LDAB      V1                    
 126 A 0060 BD0229               JSR       BNBCD                 
 127 A 0063 BD016C               JSR       DSPLY                 
 128 A 0066 BD013D               JSR       COMA                  
 129 A                  
 130 A 0069 7F0000               CLR                             
** ERROR 235                               ^
 131 A 006C F60000               LDAB      V2                    
** ERROR 235                               ^
 132 A 006F BD0229               JSR       BNBCD                 
 133 A 0072 BD016C               JSR       DSPLY                 
 134 A 0075 BD013D               JSR       COMA                  
 135 A                  
 136 A 0078 4F                   CLRA                            
 137 A 0079 01                   LDB                             V3 
** ERROR 260                     ^
** ERROR 238                     ^
 138 A 007A BD0229               JSR       BNBCD                 
 139 A 007D BD016C               JSR       DSPLY                 
 140 A 0080 BD013D               JSR       COMA                  
 141 A                  
 142 A 0083 4F                   CLRA                            
 143 A 0084 D61E                 LDAB      V4                    
 144 A 0086 BD0229               JSR       BNBCD                 
 145 A 0089 BD016C               JSR       DSPLY                 
 146 A 008C BD013D               JSR       COMA                  
 147 A                   
 148 A 008F 4F                   CLRA                            
 149 A 0090 D617                 LDAB      V5                    
 150 A 0092 BD0229               JSR       BNBCD                 
 151 A 0095 BD016C               JSR       DSPLY                 
 152 A 0098                                                      
 153 A 0098 BD019A               JSR       CRYTRN                
 154 A                      
 155 A 009B 7E0030               JMP       CICLO                 
 156 A                  
 157 A                  
 158 A                 *********************************** 

M68HC11 Absolute Assembler   Version 2.70d:/mio/error.ASC


 159 A                 * INICIA 
 160 A                 *********************************** 
 161 A 009E            INICIA                                    
 162 A                       
 163 A 009E 7F000D               CLR       SEG                   
 164 A                  
 165 A 00A1 7F1002               CLR       PORTG                 
 166 A 00A4 86F4                 LDAA      #$F4                  
 167 A 00A6 9718                 STAA      TEMPO                 * TEMPO ES VARIABLE PARA CONTAR 244 CICLOS 
 168 A                  
 169 A 00A8 CE1024               LDX       #TMSK2                
 170 A 00AB 1C0040               BSET      $00,X,#$40            * HABILITA INTERRUPCION TIMER T-REAL 
 171 A 00AE 0E                   CLI                             
 172 A                  
 173 A 00AF CE1026               LDX       #PACTL                
 174 A 00B2 1C0050               BSET      $00,X,#$50            * HABILITA PAEN -ACUMULADOR PULSOS ALTOS- 
 175 A 00B5 7F0000               CLR       PACNT                 * BORRA ACUMULADOR DE PULSOS 
** ERROR 235                               ^
 176 A                  
 177 A 00B8 8610                 LDAA      #$10                  
 178 A 00BA 971B                 STAA      BASE_H                * PONE UN #1060 COMO DIRECCION BASE INICIAL 
 179 A 00BC 8660                 LDAA      #$60                  
 180 A 00BE 971C                 STAA      BASE_L                
 181 A 00C0                                                      
 182 A 00C0 18CE1060             LDY       #$1060                
 183 A 00C4                                                      
 184 A 00C4 8616                 LDAA      #$16                  
 185 A 00C6 B70000               STAA      BAS_H                 * PONE UN #1653 NUMERO TOTAL DE JUEGO DE MUESTRAS 
** ERROR 235                               ^
 186 A 00C9 8653                 LDAA      #$53                  
 187 A 00CB 9716                 STAA      BAS_L                 
 188 A                  
 189 A                  
 190 A 00CD 7F0019               CLR       ALTO                  * INICIA INDICE MUESTRA EN 0 
 191 A 00D0 7F001A               CLR       BAJO                  
 192 A                  
 193 A 00D3 39                   RTS                             
 194 A                 *********************************** 
 195 A                 * SACA 
 196 A                 *********************************** 
 197 A 00D4            SACA                                      
 198 A                              
 199 A                         
 200 A 00D4 9619                 LDAA      ALTO                  * INDICE DE MUESTRA (SEGUNDO) 
 201 A 00D6 D61A                 LDAB      BAJO                  
 202 A 00D8 188F                 XGDY                            
 203 A 00DA 1808                 INY                             
 204 A 00DC 188F                 XGDY                            
 205 A 00DE BD0219               JSR       BINBCD                
 206 A 00E1 BD014D               JSR       DISPLAY               
 207 A 00E4 BD013D               JSR       COMA                  
 208 A                   
 209 A 00E7 961B                 LDAA      BASE_H                * INDICE DE MUESTRA (PARTICULAR) 
 210 A 00E9 D61C                 LDAB      BASE_L                
 211 A 00EB 188F                 XGDY                            
 212 A 00ED                                                      
 213 A 00ED 1808                 INY                             
 214 A 00EF 4F                   CLRA                            

M68HC11 Absolute Assembler   Version 2.70d:/mio/error.ASC


 215 A 00F0 18E600               LDAB      $00,Y                 
 216 A 00F3 BD0229               JSR       BNBCD                 
 217 A 00F6 BD016C               JSR       DSPLY                 
 218 A 00F9 BD013D               JSR       COMA                  
 219 A                  
 220 A 00FC 1808                 INY                             
 221 A 00FE 4F                   CLRA                            
 222 A 00FF 18E600               LDAB      $00,Y                 
 223 A 0102 BD0229               JSR       BNBCD                 
 224 A 0105 BD016C               JSR       DSPLY                 
 225 A 0108 BD013D               JSR       COMA                  
 226 A                  
 227 A 010B 1808                 INY                             
 228 A 010D 4F                   CLRA                            
 229 A 010E 18E600               LDAB      $00,Y                 
 230 A 0111 BD0229               JSR       BNBCD                 
 231 A 0114 BD016C               JSR       DSPLY                 
 232 A 0117 BD013D               JSR       COMA                  
 233 A                  
 234 A 011A 1808                 INY                             
 235 A 011C 4F                   CLRA                            
 236 A 011D 18E600               LDAB      $00,Y                 
 237 A 0120 BD0229               JSR       BNBCD                 
 238 A 0123 BD016C               JSR       DSPLY                 
 239 A 0126 BD013D               JSR       COMA                  
 240 A                   
 241 A 0129 1808                 INY                             
 242 A 012B 4F                   CLRA                            
 243 A 012C 18E600               LDAB      $00,Y                 
 244 A 012F BD0229               JSR       BNBCD                 
 245 A 0132 BD016C               JSR       DSPLY                 
 246 A 0135                                                      
 247 A 0135 188F                 XGDY                            
 248 A 0137 971B                 STAA      BASE_H                
 249 A 0139 D71C                 STAB      BASE_L                
 250 A                  
 251 A 013B 01                   JR                              CRYTRN 
** ERROR 260                     ^
** ERROR 238                     ^
 252 A                  
 253 A 013C 39                   RTS                             
 254 A                 *********************************** 
 255 A                 * COMA 
 256 A                 *********************************** 
 257 A 013D            COMA                                      
 258 A 013D CE102E               LDX       #SCSR                 
 259 A 0140                                                      
 260 A 0140 B6102E               LDAA      SCSR                  
 261 A 0143 862C                 LDAA      #$2C                  * COMA 
 262 A 0145 B7102F               STAA      SCDR                  
 263 A 0148            C1                                        
 264 A 0148 1F0080FC             BRCLR     $00,X,#$80 C1         
 265 A 014C 39                   RTS                             
 266 A                 *********************************** 
 267 A                 * DESPLIEGA 
 268 A                 *********************************** 
 269 A 014D            DISPLAY                                   
 270 A                         

M68HC11 Absolute Assembler   Version 2.70d:/mio/error.ASC


 271 A 014D CE102E               LDX       #SCSR                 
 272 A 0150                                                      
 273 A 0150 B6102E               LDAA      SCSR                  
 274 A 0153 960E                 LDAA      U1                    * U 
 275 A 0155 8B30                 ADDA      #$30                  
 276 A 0157 B7102F               STAA      SCDR                  
 277 A 015A            T1                                        
 278 A 015A 1F0080FC             BRCLR     $00,X,#$80 T1         
 279 A 015E                                                      
 280 A 015E B6102E               LDAA      SCSR                  
 281 A 0161 960F                 LDAA      U2                    * U2 
 282 A 0163 8B30                 ADDA      #$30                  
 283 A 0165 B7102F               STAA      SCDR                  
 284 A 0168            T2                                        
 285 A 0168 1F0080FC             BRCLR     $00,X,#$80 T2         
 286 A                  
 287 A 016C            DSPLY                                     
 288 A 016C CE102E               LDX       #SCSR                 
 289 A                      
 290 A 016F B6102E               LDAA      SCSR                  
 291 A 0172 9610                 LDAA      U3                    * U3 
 292 A 0174 8B30                 ADDA      #$30                  
 293 A 0176 B7102F               STAA      SCDR                  
 294 A 0179            T3                                        
 295 A 0179 1F0080FC             BRCLR     $00,X,#$80 T3         
 296 A 017D                                                      
 297 A 017D B6102E               LDAA      SCSR                  
 298 A 0180 9611                 LDAA      U4                    * U4 
 299 A 0182 8B30                 ADDA      #$30                  
 300 A 0184 B7102F               STAA      SCDR                  
 301 A 0187            T4                                        
 302 A 0187 1F0080FC             BRCLR     $00,X,#$80 T4         
 303 A                     
 304 A 018B B6102E               LDAA      SCSR                  
 305 A 018E 9612                 LDAA      U5                    * U5 
 306 A 0190 8B30                 ADDA      #$30                  
 307 A 0192 B7102F               STAA      SCDR                  
 308 A 0195            T5                                        
 309 A 0195 1F0080FC             BRCLR     $00,X,#$80 T5         
 310 A 0199                                                      
 311 A 0199 39                   RTS                             
 312 A                  
 313 A                 *********************************** 
 314 A                 * CARRY RETURN 
 315 A                 *********************************** 
 316 A                  
 317 A 019A            CRYTRN                                    
 318 A 019A CE102E               LDX       #SCSR                 
 319 A 019D B6102E               LDAA      SCSR                  
 320 A 01A0 860A                 LDAA      #$0A                  * NEW LINE      
 321 A 01A2 B7102F               STAA      SCDR                  
 322 A 01A5            CR1                                       
 323 A 01A5 1F0080FC             BRCLR     $00,X,#$80 CR1        
 324 A                  
 325 A 01A9 B6102E               LDAA      SCSR                  
 326 A 01AC 860D                 LDAA      #$0D                  * CARRY RETURN      
 327 A 01AE B7102F               STAA      SCDR                  
 328 A 01B1            CR2                                       

M68HC11 Absolute Assembler   Version 2.70d:/mio/error.ASC


 329 A 01B1 1F0080FC             BRCLR     $00,X,#$80 CR2        
 330 A                  
 331 A 01B5 39                   RTS                             
 332 A                 *********************************** 
 333 A                 *  DESPLIEGUE DE DATO RECIBIDO 
 334 A                 *********************************** 
 335 A                  
 336 A 01B6            DATARXESELMEJORDETODOS                                
 337 A 01B6                                                      
 338 A 01B6 CE102E               LDX       #SCSR                 
 339 A 01B9 B6102E               LDAA      SCSR                  
 340 A 01BC 960C                 LDAA      ORDEN                 * NEW LINE      
 341 A 01BE B7102F               STAA      SCDR                  
 342 A 01C1            DT1                                       
 343 A 01C1 1F0080FC             BRCLR     $00,X,#$80 DT1        
 344 A                  
 345 A 01C5 B6102E               LDAA      SCSR                  
 346 A 01C8 863A                 LDAA      #$3A                  * DOS PUNTOS     
 347 A 01CA B7102F               STAA      SCDR                  
 348 A 01CD            DT2                                       
 349 A 01CD 1F0080FC             BRCLR     $00,X,#$80 DT2        
 350 A                  
 351 A 01D1 39                   RTS                             
 352 A                 *********************************** 
 353 A                 * voltimetro 
 354 A                 *********************************** 
 355 A 01D2            VOLTA                                     
 356 A 01D2 CE1030               LDX       #ADCTL                
 357 A                  
 358 A 01D5 8680                 LDAA      #$80                  
 359 A 01D7 B71039               STAA      OPTION                * PONE EN MARCHA EL ADC 
 360 A                      
 361 A 01DA 8610                 LDAA      #$10                  
 362 A 01DC B71030               STAA      ADCTL                 * ENTRADA MULTIPLE SELECCIONA CANAL 0 
 363 A                  
 364 A 01DF            E1                                        
 365 A 01DF 1F0080FC             BRCLR     $00,X,#$80 E1         
 366 A 01E3 F61031               LDAB      ADR1                  
 367 A 01E6 D713                 STAB      V1                    
 368 A 01E8                                                      
 369 A 01E8 8680                 LDAA      #$80                  
 370 A 01EA B71039               STAA      OPTION                * PONE EN MARCHA EL ADC 
 371 A                      
 372 A 01ED 8611                 LDAA      #$11                  
 373 A 01EF B71030               STAA      ADCTL                 * ENTRADA MULTIPLE SELECCIONA CANAL 1 
 374 A                  
 375 A 01F2            E2                                        
 376 A 01F2 1F0080FC             BRCLR     $00,X,#$80 E2         
 377 A 01F6 F61032               LDAB      ADR2                  
 378 A 01F9 F70000               STAB      V2                    
** ERROR 235                               ^
 379 A 01FC                                                      
 380 A 01FC 8612                 LDAA      #$12                  
 381 A 01FE B71030               STAA      ADCTL                 * ENTRADA MULTIPLE SELECCIONA CANAL 2 
 382 A                  
 383 A 0201            E3                                        
 384 A 0201 1F0080FC             BRCLR     $00,X,#$80 E3         
 385 A 0205 F61033               LDAB      ADR3                  

M68HC11 Absolute Assembler   Version 2.70d:/mio/error.ASC


 386 A 0208 D71D                 STAB      V3                    
 387 A                  
 388 A 020A 8613                 LDAA      #$13                  
 389 A 020C B71030               STAA      ADCTL                 * ENTRADA MULTIPLE SELECCIONA CANAL 3 
 390 A                  
 391 A 020F            E4                                        
 392 A 020F 1F0080FC             BRCLR     $00,X,#$80 E4         
 393 A 0213 F61034               LDAB      ADR4                  
 394 A 0216 D71E                 STAB      V4                    
 395 A                  
 396 A 0218                                                      
 397 A 0218 39                   RTS                             
 398 A                 *********************************** 
 399 A                 * CONVIERTE A BCD 
 400 A                 *********************************** 
 401 A                  
 402 A 0219            BINBCD                                    
 403 A                       
 404 A 0219 CE2710               LDX       #$2710                
 405 A 021C 02                   IDIV                            
 406 A 021D 8F                   XGDX                            
 407 A 021E D70E                 STAB      U1                    
 408 A 0220 8F                   XGDX                            
 409 A 0221 CE03E8               LDX       #$3E8                 
 410 A 0224 02                   IDIV                            
 411 A 0225 8F                   XGDX                            
 412 A 0226 D70F                 STAB      U2                    
 413 A 0228 8F                   XGDX                            
 414 A                  
 415 A 0229            BNBCD                                     
 416 A 0229 CE0064               LDX       #$64                  
 417 A 022C 02                   IDIV                            
 418 A 022D 8F                   XGDX                            
 419 A 022E D710                 STAB      U3                    
 420 A 0230 8F                   XGDX                            
 421 A 0231 CE000A               LDX       #$A                   
 422 A 0234 02                   IDIV                            
 423 A 0235 8F                   XGDX                            
 424 A 0236 D711                 STAB      U4                    
 425 A 0238 8F                   XGDX                            
 426 A 0239 D712                 STAB      U5                    
 427 A                  
 428 A                  
 429 A                  
 430 A 023B 39                   RTS                             
 431 A                  
 432 A                  
 433 A                  
 434 A                 *********************************** 
 435 A                 * ATENCION A INTERRUPCION SERIAL 
 436 A                 *********************************** 
 437 A      F100                 ORG       $F100                 
 438 A                    
 439 A F100 36                   PSHA                            
 440 A                   
 441 A F101 B6102E               LDAA      SCSR                  
 442 A F104 B6102F               LDAA      SCDR                  
 443 A F107 970C                 STAA      ORDEN                 

M68HC11 Absolute Assembler   Version 2.70d:/mio/error.ASC


 444 A                  
 445 A F109 32                   PULA                            
 446 A                  
 447 A F10A 3B                   RTI                             
 448 A                  
 449 A                 *********************************** 
 450 A                 * ATENCION A INTERRUPCION REAL TIME 
 451 A                 *********************************** 
 452 A      F110                 ORG       $F110                 
 453 A                  
 454 A F110 36                   PSHA                            
 455 A F111 3C                   PSHX                            
 456 A                  
 457 A F112 CE1025               LDX       #TFLG2                
 458 A F115 1C0040               BSET      $00,X,#$40            * BORRA BANDERA INTERRUPCION 
 459 A F118 7A0018               DEC       TEMPO                 
 460 A F11B 2703                 BEQ       SEGUNDO               
 461 A F11D                                                      
 462 A F11D 32                   PULA                            
 463 A F11E 38                   PULX                            
 464 A F11F 3B                   RTI                             
 465 A                  
 466 A F120            SEGUNDO                                   
 467 A F120 86FF                 LDAA      #$FF                  
 468 A F122 970D                 STAA      SEG                   * SEG ES UNA BANDERA DE SEGUNDO     
 469 A F124 86F4                 LDAA      #$F4                  
 470 A F126 9718                 STAA      TEMPO                 * TEMPO ES VARIABLE PARA CONTAR 244 CICLOS 
 471 A F128 7C1002               INC       PORTG                 
 472 A F12B                                                      
 473 A F12B 32                   PULA                            
 474 A F12C 38                   PULX                            
 475 A F12D 3B                   RTI                             
 476 A                 *********************************** 
 477 A                 * VECTOR INTERRUPCION SERIAL 
 478 A                 *********************************** 
 479 A      FFD6                 ORG       $FFD6                 
 480 A FFD6 F100                 FCB       $F1,$00               
 481 A                  
 482 A                 *********************************** 
 483 A                 * VECTOR INTERRUPCION REAL TIME 
 484 A                 *********************************** 
 485 A      FFF0                 ORG       $FFF0                 
 486 A FFF0 F110                 FCB       $F1,$10               
 487 A                  
 488 A                 *********************************** 
 489 A                 *RESET 
 490 A                 *********************************** 
 491 A      FFFE                 ORG       $FFFE                 
 492 A FFFE 8000       RESET     FCB       $80,$00               
 493 A                 *********************************** 
 494 A                           END       $8000                 

SYMBOL TABLE:  Total Entries=   74

ADCTL               1030    OPT2                1038
ADR1                1031    OPTION              1039
ADR2                1032    ORDEN               000C
ADR3                1033    ORG                 0000
ADR4                1034    PACTL               1026
ALTO                0019    PORTA               1000
BAJO                001A    PORTD               1008
BASE_H              001B    PORTE               100A
BASE_L              001C    PORTG               1002
BAS_L               0016    RESET               FFFE
BAUD                102B    SACA                00D4
BINBCD              0219    SCCR1               102C
BNBCD               0229    SCCR2               102D
C1                  0148    SCDR                102F
CICLO               0030    SCSR                102E
COMA                013D    SEG                 000D
CR1                 01A5    SEGUNDO             F120
CR2                 01B1    SPCR                1028
CRYTRN              019A    STAA                0003
CSCTL               105D    T1                  015A
DATARXES            01B6    T2                  0168
DDRA                1001    T3                  0179
DDRD                1009    T4                  0187
DDRG                1003    T5                  0195
DISPLAY             014D    TEMPO               0018
DSPLY               016C    TFLG2               1025
DT1                 01C1    TMSK2               1024
DT2                 01CD    U1                  000E
E1                  01DF    U2                  000F
E2                  01F2    U3                  0010
E3                  0201    U4                  0011
E4                  020F    U5                  0012
HPRIO               103C    V1                  0013
INICIA              009E    V3                  001D
LDAA                0002    V4                  001E
LDS                 0001    V5                  0017
MAIN                0029    VOLTA               01D2

Total errors: 21
